---
source: tests/snapshots.rs
expression: result.screen
---
PANDEMIC DEFENSE   PAUSED   Tick: 0  Funds: $1000  RP: 0  Personnel: 50  Infected: 50.5K  Dead: 0
────────────────────────────────────────────────────────────────────────────────────────────────────────────────────────────────────────────────────────────────────────────────────────────────────────
┌ World Map ───────────────────────────────────────────────────────────────────────────────────────┐┌ Deploy: Antiviral-A ─────────────────────────────────────────────────────────────────────────────┐
│┌────────────────────────────┐   ┌────────────────────────────┐   ┌────────────────────────────┐  ││  Deploy: Antiviral-A                                                                             │
││North America             OK│   │Europe                    OK│   │Asia                    HIGH│  ││                                                                                                  │
││Pop: 500.0M                 │   │Pop: 750.0M                 │   │Inf 50.0K                   │  ││▶ North America   500.0Ms 0i                                                                      │
││████████████████████████████│   │████████████████████████████│   │████████████████████████████│  ││  South America   430.0Ms 0i                                                                      │
││No infections               │───│                            │───│                            │  ││  Europe          750.0Ms 0i                                                                      │
││                            │   │                            │   │                            │  ││  Africa          1.4Bs 0i                                                                        │
││                            │   │                            │   │                            │  ││  Asia            4.7Bs 50.0Ki                                                                    │
│└────────────────────────────┘   └────────────────────────────┘   └────────────────────────────┘  ││  Oceania         45.0Ms 0i                                                                       │
│↔ Oceania      │               ╱                │               ╱                │                ││                                                                                                  │
│┌────────────────────────────┐   ┌────────────────────────────┐   ┌────────────────────────────┐  ││  [Enter] Select  [Esc] Back                                                                      │
││South America            LOW│   │Africa                    OK│   │Oceania                   OK│  ││                                                                                                  │
││Inf 500                     │   │Pop: 1.4B                   │   │Pop: 45.0M                  │  ││                                                                                                  │
││████████████████████████████│   │████████████████████████████│   │████████████████████████████│  ││                                                                                                  │
││                            │   │                            │   │                            │  ││                                                                                                  │
││                            │   │                            │   │                            │  ││                                                                                                  │
││                            │   │                            │   │                            │  ││                                                                                                  │
│└────────────────────────────┘   └────────────────────────────┘   └────────────────────────────┘  ││                                                                                                  │
│                                                                                                  ││                                                                                                  │
│                                                                                                  ││                                                                                                  │
│                                                                                                  ││                                                                                                  │
│                                                                                                  ││                                                                                                  │
│                                                                                                  ││                                                                                                  │
│                                                                                                  ││                                                                                                  │
│                                                                                                  ││                                                                                                  │
│                                                                                                  ││                                                                                                  │
│                                                                                                  ││                                                                                                  │
│                                                                                                  ││                                                                                                  │
│                                                                                                  ││                                                                                                  │
│                                                                                                  ││                                                                                                  │
│                                                                                                  ││                                                                                                  │
│                                                                                                  ││                                                                                                  │
│                                                                                                  ││                                                                                                  │
│                                                                                                  ││                                                                                                  │
│                                                                                                  ││                                                                                                  │
│                                                                                                  ││                                                                                                  │
│                                                                                                  ││                                                                                                  │
│                                                                                                  ││                                                                                                  │
│                                                                                                  ││                                                                                                  │
│                                                                                                  ││                                                                                                  │
│                                                                                                  ││                                                                                                  │
│                                                                                                  ││                                                                                                  │
│                                                                                                  ││                                                                                                  │
└──────────────────────────────────────────────────────────────────────────────────────────────────┘└──────────────────────────────────────────────────────────────────────────────────────────────────┘
────────────────────────────────────────────────────────────────────────────────────────────────────────────────────────────────────────────────────────────────────────────────────────────────────────
[T] Threats  [R] Research  [M] Medicines  [P] Policy  [Space] Resume  [?] Help  [Q] Quit
