---
source: tests/snapshots.rs
expression: output
---
PANDEMIC DEFENSE   VICTORY   Tick: 0  Funds: $1000  RP: 0  Personnel: 50  Infected: 0  Dead: 0
────────────────────────────────────────────────────────────────────────────────────────────────────────────────────────────────────────────────────────────────────────────────────────────────────────
┌ World Map ───────────────────────────────────────────────────────────────────────────────────────┐┌ VICTORY ─────────────────────────────────────────────────────────────────────────────────────────┐
│╔════════════════════════════╗   ┌────────────────────────────┐   ┌────────────────────────────┐  ││                                                                                                  │
│║North America             OK║   │Europe                    OK│   │Asia                      OK│  ││  All diseases eradicated. Humanity is saved.                                                     │
│║Pop: 500.0M                 ║   │Pop: 750.0M                 │   │Pop: 4.7B                   │  ││                                                                                                  │
│║████████████████████████████║   │████████████████████████████│   │████████████████████████████│  ││  ── Summary ──                                                                                   │
│║No infections               ║───│                            │───│                            │  ││                                                                                                  │
│║↔ Oceania                   ║   │                            │   │                            │  ││  Duration:       0 ticks                                                                         │
│║                            ║   │                            │   │                            │  ││  Total Dead:     0  (0.0% of population)                                                         │
│╚════════════════════════════╝   └────────────────────────────┘   └────────────────────────────┘  ││  Survivors:      7.8B  (100.0%)                                                                  │
│               │               ╱                │               ╱                │                ││  Immunized:      0                                                                               │
│┌────────────────────────────┐   ┌────────────────────────────┐   ┌────────────────────────────┐  ││  Still Infected: 0                                                                               │
││South America             OK│   │Africa                    OK│   │Oceania                   OK│  ││                                                                                                  │
││Pop: 430.0M                 │   │Pop: 1.4B                   │   │Pop: 45.0M                  │  ││  ── Regions ──                                                                                   │
││████████████████████████████│   │████████████████████████████│   │████████████████████████████│  ││                                                                                                  │
││                            │   │                            │   │                            │  ││  North America     500.0M alive         0 dead (0.0%)                                            │
││                            │   │                            │   │                            │  ││  South America     430.0M alive         0 dead (0.0%)                                            │
││                            │   │                            │   │                            │  ││  Europe            750.0M alive         0 dead (0.0%)                                            │
│└────────────────────────────┘   └────────────────────────────┘   └────────────────────────────┘  ││  Africa              1.4B alive         0 dead (0.0%)                                            │
│                                                                                                  ││  Asia                4.7B alive         0 dead (0.0%)                                            │
│                                                                                                  ││  Oceania            45.0M alive         0 dead (0.0%)                                            │
│                                                                                                  ││                                                                                                  │
│                                                                                                  ││  [Q] Quit  [T/R/M] Browse panels                                                                 │
│                                                                                                  ││                                                                                                  │
│                                                                                                  ││                                                                                                  │
│                                                                                                  ││                                                                                                  │
│                                                                                                  ││                                                                                                  │
│                                                                                                  ││                                                                                                  │
│                                                                                                  ││                                                                                                  │
│                                                                                                  ││                                                                                                  │
│                                                                                                  ││                                                                                                  │
│                                                                                                  ││                                                                                                  │
│                                                                                                  ││                                                                                                  │
│                                                                                                  ││                                                                                                  │
│                                                                                                  ││                                                                                                  │
│                                                                                                  ││                                                                                                  │
│                                                                                                  ││                                                                                                  │
│                                                                                                  ││                                                                                                  │
│                                                                                                  ││                                                                                                  │
│                                                                                                  ││                                                                                                  │
│                                                                                                  ││                                                                                                  │
│                                                                                                  ││                                                                                                  │
│                                                                                                  ││                                                                                                  │
└──────────────────────────────────────────────────────────────────────────────────────────────────┘└──────────────────────────────────────────────────────────────────────────────────────────────────┘
────────────────────────────────────────────────────────────────────────────────────────────────────────────────────────────────────────────────────────────────────────────────────────────────────────
All diseases eradicated! Humanity is saved.
[T] Threats  [R] Research  [M] Medicines  [P] Policy  [?] Help  [Q] Quit
