---
source: tests/snapshots.rs
expression: result.screen
---
PANDEMIC DEFENSE   RUNNING   Tick: 10  Funds: $350 (+$5/t)  RP: 4 (+0.4/t)  Personnel: 20  Infected: 13.4K  Dead: 612
────────────────────────────────────────────────────────────────────────────────────────────────────────────────────────────────────────────────────────────────────────────────────────────────────────
┌ World Map ───────────────────────────────────────────────────────────────────────────────────────────────────────────────────────────────────────────────────────────────────────────────────────────┐
│╔════════════════════════════╗   ┌────────────────────────────┐   ┌────────────────────────────┐                                                                                                      │
│║North America            MOD║   │Europe                   LOW│   │Asia                     MOD│                                                                                                      │
│║Inf 2.2K  Dead 50           ║───│Inf 1                       │───│Inf 1.4K  Dead 52           │                                                                                                      │
│║████████████████████████████║   │████████████████████████████│   │████████████████████████████│                                                                                                      │
│╚════════════════════════════╝   └────────────────────────────┘   └────────────────────────────┘                                                                                                      │
│               │               ╱                │               ╱                │                                                                                                                    │
│┌────────────────────────────┐   ┌────────────────────────────┐   ┌────────────────────────────┐                                                                                                      │
││South America             OK│   │Africa                   MOD│   │Oceania                   OK│                                                                                                      │
││Pop: 430.0M                 │   │Inf 9.8K  Dead 510          │   │Pop: 45.0M                  │                                                                                                      │
││████████████████████████████│   │████████████████████████████│   │████████████████████████████│                                                                                                      │
│└────────────────────────────┘   └────────────────────────────┘   └────────────────────────────┘                                                                                                      │
│╔ North America ═════════════════════════════════════════════════════════════════════════════════════════════════════════════════════════════════════════════════════════════════════════════════════╗│
│║Pop 500.0M  Alive 500.0M  Infected 2.2K  Immune 137  Dead 50                                                                                                                                        ║│
│║  Unknown Pathogen #3 Inf 2.2K      Immune 137       Dead 50        Susceptible 500.0M                                                                                                              ║│
│║  Connected to: Oceania                                                                                                                                                                             ║│
│║                                                                                                                                                                                                    ║│
│║                                                                                                                                                                                                    ║│
│║                                                                                                                                                                                                    ║│
│║                                                                                                                                                                                                    ║│
│║                                                                                                                                                                                                    ║│
│║                                                                                                                                                                                                    ║│
│║                                                                                                                                                                                                    ║│
│║                                                                                                                                                                                                    ║│
│║                                                                                                                                                                                                    ║│
│║                                                                                                                                                                                                    ║│
│║                                                                                                                                                                                                    ║│
│║                                                                                                                                                                                                    ║│
│║                                                                                                                                                                                                    ║│
│║                                                                                                                                                                                                    ║│
│║                                                                                                                                                                                                    ║│
│║                                                                                                                                                                                                    ║│
│║                                                                                                                                                                                                    ║│
│║                                                                                                                                                                                                    ║│
│║                                                                                                                                                                                                    ║│
│║                                                                                                                                                                                                    ║│
│║                                                                                                                                                                                                    ║│
│║                                                                                                                                                                                                    ║│
│║                                                                                                                                                                                                    ║│
│║                                                                                                                                                                                                    ║│
│║                                                                                                                                                                                                    ║│
│║                                                                                                                                                                                                    ║│
│╚════════════════════════════════════════════════════════════════════════════════════════════════════════════════════════════════════════════════════════════════════════════════════════════════════╝│
└──────────────────────────────────────────────────────────────────────────────────────────────────────────────────────────────────────────────────────────────────────────────────────────────────────┘
────────────────────────────────────────────────────────────────────────────────────────────────────────────────────────────────────────────────────────────────────────────────────────────────────────
[T] Threats  [R] Research  [M] Medicines  [P] Policy  [Space] Pause  [?] Help  [Q] Save & Quit
