---
source: tests/snapshots.rs
expression: result.screen
---
PANDEMIC DEFENSE   PAUSED   Tick: 10  Funds: $1050  RP: 10  Personnel: 50  Infected: 3385  Dead: 367
────────────────────────────────────────────────────────────────────────────────────────────────────
┌ World Status ────────────────────────────────────────────────────────────────────────────────────┐
│North America     500M        0i       0d [  OK]                                                  │
│South America     430M        0i       0d [  OK]                                                  │
│Europe            750M        0i       0d [  OK]                                                  │
│Africa           1400M        0i       0d [  OK]                                                  │
│Asia             4700M     3385i     367d [ MOD]                                                  │
│Oceania            45M        0i       0d [  OK]                                                  │
│                                                                                                  │
│                                                                                                  │
│                                                                                                  │
│                                                                                                  │
│                                                                                                  │
│                                                                                                  │
│                                                                                                  │
│                                                                                                  │
│                                                                                                  │
│                                                                                                  │
│                                                                                                  │
│                                                                                                  │
└──────────────────────────────────────────────────────────────────────────────────────────────────┘
────────────────────────────────────────────────────────────────────────────────────────────────────
[T] Threats  [R] Research  [M] Medicines  [P] Policy  [Space] Resume  [?] Help  [Q] Quit
