---
source: tests/snapshots.rs
expression: result.screen
---
PANDEMIC DEFENSE   PAUSED   Tick: 0  Funds: $1000  RP: 0  Personnel: 50  Infected: 50.5K  Dead: 0
────────────────────────────────────────────────────────────────────────────────────────────────────────────────────────────────────────────────────────────────────────────────────────────────────────
┌ World Map ───────────────────────────────────────────────────────────────────────────────────────┐┌ Threats ─────────────────────────────────────────────────────────────────────────────────────────┐
│┌────────────────────────────┐   ┌────────────────────────────┐   ┌────────────────────────────┐  ││▶ Strain Alpha                                                                                    │
││North America             OK│   │Europe                    OK│   │Asia                    HIGH│  ││    Infect: 15%  Lethal: 2.0%  Recov: 10%                                                         │
││Pop: 500.0M                 │   │Pop: 750.0M                 │   │Pop: 4.7B                   │  ││    Region            Infected    Immune      Dead                                                │
││████████████████████████████│   │████████████████████████████│   │████████████████████████████│  ││    Asia                 50.0K         0         0                                                │
││No infections               │───│                            │───│                            │  ││    ──────────────────────────────────────────────                                                │
││                            │   │                            │   │                            │  ││    TOTAL                50.0K         0         0                                                │
││                            │   │                            │   │                            │  ││                                                                                                  │
│└────────────────────────────┘   └────────────────────────────┘   └────────────────────────────┘  ││  Strain Beta                                                                                     │
│↔ Oceania      │               ╱                │               ╱                │                ││    Infect: 8%  Lethal: 0.5%  Recov: 3%                                                           │
│┌────────────────────────────┐   ┌────────────────────────────┐   ┌────────────────────────────┐  ││                                                                                                  │
││South America            LOW│   │Africa                    OK│   │Oceania                   OK│  ││                                                                                                  │
││Pop: 430.0M                 │   │Pop: 1.4B                   │   │Pop: 45.0M                  │  ││                                                                                                  │
││████████████████████████████│   │████████████████████████████│   │████████████████████████████│  ││                                                                                                  │
││                            │   │                            │   │                            │  ││                                                                                                  │
││                            │   │                            │   │                            │  ││                                                                                                  │
││                            │   │                            │   │                            │  ││                                                                                                  │
│└────────────────────────────┘   └────────────────────────────┘   └────────────────────────────┘  ││                                                                                                  │
│                                                                                                  ││                                                                                                  │
│                                                                                                  ││                                                                                                  │
│                                                                                                  ││                                                                                                  │
│                                                                                                  ││                                                                                                  │
│                                                                                                  ││                                                                                                  │
│                                                                                                  ││                                                                                                  │
│                                                                                                  ││                                                                                                  │
│                                                                                                  ││                                                                                                  │
│                                                                                                  ││                                                                                                  │
│                                                                                                  ││                                                                                                  │
│                                                                                                  ││                                                                                                  │
│                                                                                                  ││                                                                                                  │
│                                                                                                  ││                                                                                                  │
│                                                                                                  ││                                                                                                  │
│                                                                                                  ││                                                                                                  │
│                                                                                                  ││                                                                                                  │
│                                                                                                  ││                                                                                                  │
│                                                                                                  ││                                                                                                  │
│                                                                                                  ││                                                                                                  │
│                                                                                                  ││                                                                                                  │
│                                                                                                  ││                                                                                                  │
│                                                                                                  ││                                                                                                  │
│                                                                                                  ││                                                                                                  │
│                                                                                                  ││                                                                                                  │
│                                                                                                  ││                                                                                                  │
└──────────────────────────────────────────────────────────────────────────────────────────────────┘└──────────────────────────────────────────────────────────────────────────────────────────────────┘
────────────────────────────────────────────────────────────────────────────────────────────────────────────────────────────────────────────────────────────────────────────────────────────────────────
[T] Threats  [R] Research  [M] Medicines  [P] Policy  [Space] Resume  [?] Help  [Q] Quit
