---
source: tests/snapshots.rs
expression: result.screen
---
PANDEMIC DEFENSE   PAUSED   Tick: 0  Funds: $1000  RP: 0  Personnel: 50  Infected: 50.0K  Dead: 0
────────────────────────────────────────────────────────────────────────────────────────────────────────────────────────────────────────────────────────────────────────────────────────────────────────
┌ World Status ────────────────────────────────────────────────────────────────────────────────────┐┌ Medicines ───────────────────────────────────────────────────────────────────────────────────────┐
│Region             Pop    Alive Infected     Dead  Risk                                           ││▶ Antiviral-A                                                                                     │
│North America   500.0M   500.0M        0        0    OK                                           ││    $100  10.0K doses  Strain Alpha                                                               │
│South America   430.0M   430.0M        0        0    OK                                           ││                                                                                                  │
│Europe          750.0M   750.0M        0        0    OK                                           ││  Broad-Spectrum Antiviral                                                                        │
│Africa            1.4B     1.4B        0        0    OK                                           ││    $300  50.0K doses  Strain Alpha                                                               │
│Asia              4.7B     4.7B    50.0K        0  HIGH                                           ││                                                                                                  │
│Oceania          45.0M    45.0M        0        0    OK                                           ││                                                                                                  │
│                                                                                                  ││  [Enter] Select  [Esc] Close                                                                     │
│                                                                                                  ││                                                                                                  │
│                                                                                                  ││                                                                                                  │
│                                                                                                  ││                                                                                                  │
│                                                                                                  ││                                                                                                  │
│                                                                                                  ││                                                                                                  │
│                                                                                                  ││                                                                                                  │
│                                                                                                  ││                                                                                                  │
│                                                                                                  ││                                                                                                  │
│                                                                                                  ││                                                                                                  │
│                                                                                                  ││                                                                                                  │
│                                                                                                  ││                                                                                                  │
│                                                                                                  ││                                                                                                  │
│                                                                                                  ││                                                                                                  │
│                                                                                                  ││                                                                                                  │
│                                                                                                  ││                                                                                                  │
│                                                                                                  ││                                                                                                  │
│                                                                                                  ││                                                                                                  │
│                                                                                                  ││                                                                                                  │
│                                                                                                  ││                                                                                                  │
│                                                                                                  ││                                                                                                  │
│                                                                                                  ││                                                                                                  │
│                                                                                                  ││                                                                                                  │
│                                                                                                  ││                                                                                                  │
│                                                                                                  ││                                                                                                  │
│                                                                                                  ││                                                                                                  │
│                                                                                                  ││                                                                                                  │
│                                                                                                  ││                                                                                                  │
│                                                                                                  ││                                                                                                  │
│                                                                                                  ││                                                                                                  │
│                                                                                                  ││                                                                                                  │
│                                                                                                  ││                                                                                                  │
│                                                                                                  ││                                                                                                  │
│                                                                                                  ││                                                                                                  │
│                                                                                                  ││                                                                                                  │
└──────────────────────────────────────────────────────────────────────────────────────────────────┘└──────────────────────────────────────────────────────────────────────────────────────────────────┘
────────────────────────────────────────────────────────────────────────────────────────────────────────────────────────────────────────────────────────────────────────────────────────────────────────
[T] Threats  [R] Research  [M] Medicines  [P] Policy  [Space] Resume  [?] Help  [Q] Quit
