---
source: tests/snapshots.rs
expression: output
---
PANDEMIC DEFENSE   PAUSED   Tick: 0  Funds: $1000  RP: 0  Personnel: 50  Infected: 1000  Dead: 0
────────────────────────────────────────────────────────────────────────────────────────────────────
┌ World Status ────────────────────────────────────────────────────────────────────────────────────┐
│North America     500M        0i       0d [  OK]                                                  │
│South America     430M        0i       0d [  OK]                                                  │
│Europe            750M        0i       0d [  OK]                                                  │
│Africa           1400M        0i       0d [  OK]                                                  │
│Asia             4700M     1000i       0d [ LOW]                                                  │
│Oceania            45M        0i       0d [  OK]                                                  │
│                                                                                                  │
│                                                                                                  │
│                                                                                                  │
│                                                                                                  │
│                                                                                                  │
│                                                                                                  │
│                                                                                                  │
│                                                                                                  │
│                                                                                                  │
│                                                                                                  │
│                                                                                                  │
│                                                                                                  │
└──────────────────────────────────────────────────────────────────────────────────────────────────┘
────────────────────────────────────────────────────────────────────────────────────────────────────
[T] Threats  [R] Research  [M] Medicines  [P] Policy  [Space] Resume  [?] Help  [Q] Quit
