---
source: tests/snapshots.rs
expression: result.screen
---
PANDEMIC DEFENSE   RUNNING   Day: 0.1  Funds: $350 (+$500/day)  RP: 4 (+40/day)  Personnel: 20  Infected: 14.0K  Dead: 528
────────────────────────────────────────────────────────────────────────────────────────────────────────────────────────────────────────────────────────────────────────────────────────────────────────
┌ World Map ───────────────────────────────────────────────────────────────────────────────────────────────────────────────────────────────────────────────────────────────────────────────────────────┐
│╔════════════════════════════╗   ┌────────────────────────────┐   ┌────────────────────────────┐                                                                                                      │
│║North America             OK║   │Europe                   MOD│   │Asia                     MOD│                                                                                                      │
│║Pop: 500.0M                 ║───│Inf 4.5K  Dead 153          │───│Inf 5.8K  Dead 289          │                                                                                                      │
│║████████████████████████████║   │████████████████████████████│   │████████████████████████████│                                                                                                      │
│╚════════════════════════════╝   └────────────────────────────┘   └────────────────────────────┘                                                                                                      │
│               │               ╱                │               ╱                │                                                                                                                    │
│┌────────────────────────────┐   ┌────────────────────────────┐   ┌────────────────────────────┐                                                                                                      │
││South America            MOD│   │Africa                    OK│   │Oceania                   OK│                                                                                                      │
││Inf 3.7K  Dead 86           │   │Pop: 1.4B                   │   │Pop: 45.0M                  │                                                                                                      │
││████████████████████████████│   │████████████████████████████│   │████████████████████████████│                                                                                                      │
│└────────────────────────────┘   └────────────────────────────┘   └────────────────────────────┘                                                                                                      │
│╔ North America ═════════════════════════════════════════════════════════════════════════════════════════════════════════════════════════════════════════════════════════════════════════════════════╗│
│║Pop 500.0M  Alive 500.0M  Infected 0  Immune 0  Dead 0                                                                                                                                              ║│
│║  No infections                                                                                                                                                                                     ║│
│║  Connected to: Oceania                                                                                                                                                                             ║│
│║                                                                                                                                                                                                    ║│
│║                                                                                                                                                                                                    ║│
│║                                                                                                                                                                                                    ║│
│║                                                                                                                                                                                                    ║│
│║                                                                                                                                                                                                    ║│
│║                                                                                                                                                                                                    ║│
│║                                                                                                                                                                                                    ║│
│║                                                                                                                                                                                                    ║│
│║                                                                                                                                                                                                    ║│
│║                                                                                                                                                                                                    ║│
│║                                                                                                                                                                                                    ║│
│║                                                                                                                                                                                                    ║│
│║                                                                                                                                                                                                    ║│
│║                                                                                                                                                                                                    ║│
│║                                                                                                                                                                                                    ║│
│║                                                                                                                                                                                                    ║│
│║                                                                                                                                                                                                    ║│
│║                                                                                                                                                                                                    ║│
│║                                                                                                                                                                                                    ║│
│║                                                                                                                                                                                                    ║│
│║                                                                                                                                                                                                    ║│
│║                                                                                                                                                                                                    ║│
│║                                                                                                                                                                                                    ║│
│║                                                                                                                                                                                                    ║│
│║                                                                                                                                                                                                    ║│
│║                                                                                                                                                                                                    ║│
│╚════════════════════════════════════════════════════════════════════════════════════════════════════════════════════════════════════════════════════════════════════════════════════════════════════╝│
└──────────────────────────────────────────────────────────────────────────────────────────────────────────────────────────────────────────────────────────────────────────────────────────────────────┘
────────────────────────────────────────────────────────────────────────────────────────────────────────────────────────────────────────────────────────────────────────────────────────────────────────
[T] Threats  [R] Research  [M] Medicines  [P] Policy  [Space] Pause  [?] Help  [Q] Save & Quit
