---
source: tests/snapshots.rs
expression: result.screen
---
PANDEMIC DEFENSE   RUNNING   Tick: 0  Funds: $1000  RP: 0  Personnel: 50  Infected: 50.5K  Dead: 0
────────────────────────────────────────────────────────────────────────────────────────────────────────────────────────────────────────────────────────────────────────────────────────────────────────
┌ World Map ───────────────────────────────────────────────────────────────────────────────────────┐┌ Threats ─────────────────────────────────────────────────────────────────────────────────────────┐
│┌────────────────────────────┐   ┌────────────────────────────┐   ┌────────────────────────────┐  ││▶ Strain Alpha                                                                                    │
││North America             OK│   │Europe                    OK│   │Asia                    HIGH│  ││    Type: RNA Virus                                                                               │
││Pop: 500.0M                 │   │Pop: 750.0M                 │   │Inf 50.0K                   │  ││    Infect: 6%  Lethal: 0.8%  Recov: 4%                                                           │
││████████████████████████████│   │████████████████████████████│   │████████████████████████████│  ││    Knowledge: 100%                                                                               │
││No infections               │───│                            │───│                            │  ││    Region            Infected    Immune      Dead                                                │
││↔ Oceania                   │   │                            │   │                            │  ││    Asia                 50.0K         0         0                                                │
││                            │   │                            │   │                            │  ││    ──────────────────────────────────────────────                                                │
│└────────────────────────────┘   └────────────────────────────┘   └────────────────────────────┘  ││    TOTAL                50.0K         0         0                                                │
│               │               ╱                │               ╱                │                ││                                                                                                  │
│┌────────────────────────────┐   ┌────────────────────────────┐   ┌────────────────────────────┐  ││  Strain Beta                                                                                     │
││South America            LOW│   │Africa                    OK│   │Oceania                   OK│  ││    Type: Bacterium                                                                               │
││Inf 500                     │   │Pop: 1.4B                   │   │Pop: 45.0M                  │  ││    Infect: 4%  Lethal: 0.2%  Recov: 2%                                                           │
││████████████████████████████│   │████████████████████████████│   │████████████████████████████│  ││    Knowledge: 100%                                                                               │
││                            │   │                            │   │                            │  ││                                                                                                  │
││                            │   │                            │   │                            │  ││                                                                                                  │
││                            │   │                            │   │                            │  ││                                                                                                  │
│└────────────────────────────┘   └────────────────────────────┘   └────────────────────────────┘  ││                                                                                                  │
│                                                                                                  ││                                                                                                  │
│                                                                                                  ││                                                                                                  │
│                                                                                                  ││                                                                                                  │
│                                                                                                  ││                                                                                                  │
│                                                                                                  ││                                                                                                  │
│                                                                                                  ││                                                                                                  │
│                                                                                                  ││                                                                                                  │
│                                                                                                  ││                                                                                                  │
│                                                                                                  ││                                                                                                  │
│                                                                                                  ││                                                                                                  │
│                                                                                                  ││                                                                                                  │
│                                                                                                  ││                                                                                                  │
│                                                                                                  ││                                                                                                  │
│                                                                                                  ││                                                                                                  │
│                                                                                                  ││                                                                                                  │
│                                                                                                  ││                                                                                                  │
│                                                                                                  ││                                                                                                  │
│                                                                                                  ││                                                                                                  │
│                                                                                                  ││                                                                                                  │
│                                                                                                  ││                                                                                                  │
│                                                                                                  ││                                                                                                  │
│                                                                                                  ││                                                                                                  │
│                                                                                                  ││                                                                                                  │
│                                                                                                  ││                                                                                                  │
│                                                                                                  ││                                                                                                  │
└──────────────────────────────────────────────────────────────────────────────────────────────────┘└──────────────────────────────────────────────────────────────────────────────────────────────────┘
────────────────────────────────────────────────────────────────────────────────────────────────────────────────────────────────────────────────────────────────────────────────────────────────────────
[T] Threats  [R] Research  [M] Medicines  [P] Policy  [Space] Pause  [?] Help  [Q] Quit
