---
source: tests/snapshots.rs
expression: output
---
PANDEMIC DEFENSE   RUNNING   Tick: 0  Funds: $500 (+$5/t)  RP: 0  Personnel: 30  Infected: 60.1K  Dead: 0
────────────────────────────────────────────────────────────────────────────────────────────────────────────────────────────────────────────────────────────────────────────────────────────────────────
┌ World Map ───────────────────────────────────────────────────────────────────────────────────────────────────────────────────────────────────────────────────────────────────────────────────────────┐
│╔════════════════════════════╗   ┌────────────────────────────┐   ┌────────────────────────────┐                                                                                                      │
│║North America             OK║   │Europe                    OK│   │Asia                    HIGH│                                                                                                      │
│║Pop: 500.0M                 ║───│Pop: 750.0M                 │───│Inf 55.6K                   │                                                                                                      │
│║████████████████████████████║   │████████████████████████████│   │████████████████████████████│                                                                                                      │
│╚════════════════════════════╝   └────────────────────────────┘   └────────────────────────────┘                                                                                                      │
│               │               ╱                │               ╱                │                                                                                                                    │
│┌────────────────────────────┐   ┌────────────────────────────┐   ┌────────────────────────────┐                                                                                                      │
││South America             OK│   │Africa                    OK│   │Oceania                  MOD│                                                                                                      │
││Pop: 430.0M                 │   │Pop: 1.4B                   │   │Inf 4.5K                    │                                                                                                      │
││████████████████████████████│   │████████████████████████████│   │████████████████████████████│                                                                                                      │
│└────────────────────────────┘   └────────────────────────────┘   └────────────────────────────┘                                                                                                      │
│╔ North America ═════════════════════════════════════════════════════════════════════════════════════════════════════════════════════════════════════════════════════════════════════════════════════╗│
│║Pop 500.0M  Alive 500.0M  Infected 0  Immune 0  Dead 0                                                                                                                                              ║│
│║  No infections                                                                                                                                                                                     ║│
│║  Connected to: Oceania                                                                                                                                                                             ║│
│║                                                                                                                                                                                                    ║│
│║                                                                                                                                                                                                    ║│
│║                                                                                                                                                                                                    ║│
│║                                                                                                                                                                                                    ║│
│║                                                                                                                                                                                                    ║│
│║                                                                                                                                                                                                    ║│
│║                                                                                                                                                                                                    ║│
│║                                                                                                                                                                                                    ║│
│║                                                                                                                                                                                                    ║│
│║                                                                                                                                                                                                    ║│
│║                                                                                                                                                                                                    ║│
│║                                                                                                                                                                                                    ║│
│║                                                                                                                                                                                                    ║│
│║                                                                                                                                                                                                    ║│
│║                                                                                                                                                                                                    ║│
│║                                                                                                                                                                                                    ║│
│║                                                                                                                                                                                                    ║│
│║                                                                                                                                                                                                    ║│
│║                                                                                                                                                                                                    ║│
│║                                                                                                                                                                                                    ║│
│║                                                                                                                                                                                                    ║│
│║                                                                                                                                                                                                    ║│
│║                                                                                                                                                                                                    ║│
│║                                                                                                                                                                                                    ║│
│║                                                                                                                                                                                                    ║│
│║                                                                                                                                                                                                    ║│
│╚════════════════════════════════════════════════════════════════════════════════════════════════════════════════════════════════════════════════════════════════════════════════════════════════════╝│
└──────────────────────────────────────────────────────────────────────────────────────────────────────────────────────────────────────────────────────────────────────────────────────────────────────┘
────────────────────────────────────────────────────────────────────────────────────────────────────────────────────────────────────────────────────────────────────────────────────────────────────────
[T] Threats  [R] Research  [M] Medicines  [P] Policy  [Space] Pause  [?] Help  [Q] Save & Quit
