---
source: tests/snapshots.rs
expression: output
---
PANDEMIC DEFENSE   VICTORY   Tick: 0  Funds: $1000  RP: 0  Personnel: 50  Infected: 0  Dead: 0
────────────────────────────────────────────────────────────────────────────────────────────────────────────────────────────────────────────────────────────────────────────────────────────────────────
┌ World Map ───────────────────────────────────────────────────────────────────────────────────────────────────────────────────────────────────────────────────────────────────────────────────────────┐
│┌────────────────────────────┐   ┌────────────────────────────┐   ┌────────────────────────────┐                                                                                                      │
││North America             OK│   │Europe                    OK│   │Asia                      OK│                                                                                                      │
││Pop: 500.0M                 │   │Pop: 750.0M                 │   │Pop: 4.7B                   │                                                                                                      │
││████████████████████████████│   │████████████████████████████│   │████████████████████████████│                                                                                                      │
││No infections               │───│                            │───│                            │                                                                                                      │
││                            │   │                            │   │                            │                                                                                                      │
││                            │   │                            │   │                            │                                                                                                      │
│└────────────────────────────┘   └────────────────────────────┘   └────────────────────────────┘                                                                                                      │
│↔ Oceania      │               ╱                │               ╱                │                                                                                                                    │
│┌────────────────────────────┐   ┌────────────────────────────┐   ┌────────────────────────────┐                                                                                                      │
││South America             OK│   │Africa                    OK│   │Oceania                   OK│                                                                                                      │
││Pop: 430.0M                 │   │Pop: 1.4B                   │   │Pop: 45.0M                  │                                                                                                      │
││████████████████████████████│   │████████████████████████████│   │████████████████████████████│                                                                                                      │
││                            │   │                            │   │                            │                                                                                                      │
││                            │   │                            │   │                            │                                                                                                      │
││                            │   │                            │   │                            │                                                                                                      │
│└────────────────────────────┘   └────────────────────────────┘   └────────────────────────────┘                                                                                                      │
│                                                                                                                                                                                                      │
│                                                                                                                                                                                                      │
│                                                                                                                                                                                                      │
│                                                                                                                                                                                                      │
│                                                                                                                                                                                                      │
│                                                                                                                                                                                                      │
│                                                                                                                                                                                                      │
│                                                                                                                                                                                                      │
│                                                                                                                                                                                                      │
│                                                                                                                                                                                                      │
│                                                                                                                                                                                                      │
│                                                                                                                                                                                                      │
│                                                                                                                                                                                                      │
│                                                                                                                                                                                                      │
│                                                                                                                                                                                                      │
│                                                                                                                                                                                                      │
│                                                                                                                                                                                                      │
│                                                                                                                                                                                                      │
│                                                                                                                                                                                                      │
│                                                                                                                                                                                                      │
│                                                                                                                                                                                                      │
│                                                                                                                                                                                                      │
│                                                                                                                                                                                                      │
│                                                                                                                                                                                                      │
└──────────────────────────────────────────────────────────────────────────────────────────────────────────────────────────────────────────────────────────────────────────────────────────────────────┘
────────────────────────────────────────────────────────────────────────────────────────────────────────────────────────────────────────────────────────────────────────────────────────────────────────
All diseases eradicated! Humanity is saved.
[T] Threats  [R] Research  [M] Medicines  [P] Policy  [?] Help  [Q] Quit
